ok   chacha_65 [check]
ok   chacha_65 [interpret]
ok   chacha_65 [js]
ok   chacha_65 [c]
ok   chacha_block [check]
ok   chacha_block [interpret]
ok   chacha_block [js]
ok   chacha_block [c]
ok   chacha_counter [check]
ok   chacha_counter [interpret]
ok   chacha_counter [js]
ok   chacha_counter [c]
ok   chacha_counter2 [check]
ok   chacha_counter2 [interpret]
ok   chacha_counter2 [js]
ok   chacha_counter2 [c]
ok   chacha_decrypt [check]
ok   chacha_decrypt [interpret]
ok   chacha_decrypt [js]
ok   chacha_decrypt [c]
ok   chacha_empty [check]
ok   chacha_empty [interpret]
ok   chacha_empty [js]
ok   chacha_empty [c]
ok   chacha_encrypt [check]
ok   chacha_encrypt [interpret]
ok   chacha_encrypt [js]
ok   chacha_encrypt [c]
ok   chacha_exhausted [check]
ok   chacha_exhausted [interpret]
ok   chacha_exhausted [js]
ok   chacha_exhausted [c]
ok   chacha_last [check]
ok   chacha_last [interpret]
ok   chacha_last [js]
ok   chacha_last [c]
ok   chacha_quarter [check]
ok   chacha_quarter [interpret]
ok   chacha_quarter [js]
ok   chacha_quarter [c]
ok   chacha_zero [check]
ok   chacha_zero [interpret]
ok   chacha_zero [js]
ok   chacha_zero [c]
ok   sha_448 [check]
ok   sha_448 [interpret]
ok   sha_448 [js]
ok   sha_448 [c]
ok   sha_abc [check]
ok   sha_abc [interpret]
ok   sha_abc [js]
ok   sha_abc [c]
ok   sha_carry [check]
ok   sha_carry [interpret]
ok   sha_carry [js]
ok   sha_carry [c]
ok   sha_cavs_440 [check]
ok   sha_cavs_440 [interpret]
ok   sha_cavs_440 [js]
ok   sha_cavs_440 [c]
ok   sha_cavs_448 [check]
ok   sha_cavs_448 [interpret]
ok   sha_cavs_448 [js]
ok   sha_cavs_448 [c]
ok   sha_cavs_504 [check]
ok   sha_cavs_504 [interpret]
ok   sha_cavs_504 [js]
ok   sha_cavs_504 [c]
ok   sha_cavs_512 [check]
ok   sha_cavs_512 [interpret]
ok   sha_cavs_512 [js]
ok   sha_cavs_512 [c]
ok   sha_cavs_8 [check]
ok   sha_cavs_8 [interpret]
ok   sha_cavs_8 [js]
ok   sha_cavs_8 [c]
ok   sha_empty [check]
ok   sha_empty [interpret]
ok   sha_empty [js]
ok   sha_empty [c]
ok   sha_length [check]
ok   sha_length [interpret]
ok   sha_length [js]
ok   sha_length [c]

Kernels PASS: 84, FAIL: 0
killed sha256/initial state: strict-valid, 3 output mismatches
killed sha256/rotation: strict-valid, 3 output mismatches
killed sha256/padding marker: strict-valid, 3 output mismatches
killed sha256/padding boundary: strict-valid, 3 output mismatches
killed chacha20/rotation: strict-valid, 3 output mismatches
killed chacha20/round count: strict-valid, 3 output mismatches
killed chacha20/constant: strict-valid, 3 output mismatches
killed chacha20/counter advance: strict-valid, 3 output mismatches
Mutations PASS: 8/8
